{
    "homo_sapiens - paired_end - fastq": {
        "content": [
            {
                "0": [
                    [
                        {
                            "id": "test",
                            "sample": "test"
                        },
                        "test_merged.bam:md5,ffdc2a4afc92b34c738c78b741400b8b"
                    ]
                ],
                "1": [
                    [
                        {
                            "id": "test",
                            "sample": "test"
                        },
                        "test_merged.bam.bai:md5,a5df4206a9947b93085d6e474c659182"
                    ]
                ],
                "2": [
                    [
                        {
                            "id": "test",
                            "sample": "test"
                        },
                        "test_merged.cram:md5,8c934e005caebe288dad48578c397148"
                    ]
                ],
                "3": [
                    [
                        {
                            "id": "test",
                            "sample": "test"
                        },
                        "test_merged.cram.crai:md5,b38f041c1ee4a56d9d0ca6da1bf92971"
                    ]
                ],
                "4": [
                    "versions.yml:md5,2f1fd22d929093b410f2ca3978cd2ed6",
                    "versions.yml:md5,86f2e5700e65a019087a4c5dbc8905aa",
                    "versions.yml:md5,daea008e4c9e830cdfa11883e6911468",
                    "versions.yml:md5,e09d74e7a9cab78d3057e983fff3ce59",
                    "versions.yml:md5,e7772449aa85271d9e824709b0c21ae5"
                ],
                "bai": [
                    [
                        {
                            "id": "test",
                            "sample": "test"
                        },
                        "test_merged.bam.bai:md5,a5df4206a9947b93085d6e474c659182"
                    ]
                ],
                "bam": [
                    [
                        {
                            "id": "test",
                            "sample": "test"
                        },
                        "test_merged.bam:md5,ffdc2a4afc92b34c738c78b741400b8b"
                    ]
                ],
                "crai": [
                    [
                        {
                            "id": "test",
                            "sample": "test"
                        },
                        "test_merged.cram.crai:md5,b38f041c1ee4a56d9d0ca6da1bf92971"
                    ]
                ],
                "cram": [
                    [
                        {
                            "id": "test",
                            "sample": "test"
                        },
                        "test_merged.cram:md5,8c934e005caebe288dad48578c397148"
                    ]
                ],
                "versions": [
                    "versions.yml:md5,2f1fd22d929093b410f2ca3978cd2ed6",
                    "versions.yml:md5,86f2e5700e65a019087a4c5dbc8905aa",
                    "versions.yml:md5,daea008e4c9e830cdfa11883e6911468",
                    "versions.yml:md5,e09d74e7a9cab78d3057e983fff3ce59",
                    "versions.yml:md5,e7772449aa85271d9e824709b0c21ae5"
                ]
            }
        ],
        "timestamp": "2026-04-03T02:24:17.512280483",
        "meta": {
            "nf-test": "0.9.5",
            "nextflow": "25.10.4"
        }
    }
}