{
    "homo_sapiens - vcf": {
        "content": [
            {
                "0": [
                    [
                        {
                            "id": "test"
                        },
                        "test.vcf.gz:md5,bc5a8d4b45434b9861f1bd98e630c21c"
                    ]
                ],
                "1": [
                    [
                        {
                            "id": "test"
                        },
                        "test.vcf.gz.tbi:md5,4cb176febbc8c26d717a6c6e67b9c905"
                    ]
                ],
                "2": [
                    "versions.yml:md5,d0abd111d2e387b5c14ceb3a38e8d0ff"
                ],
                "tbi": [
                    [
                        {
                            "id": "test"
                        },
                        "test.vcf.gz.tbi:md5,4cb176febbc8c26d717a6c6e67b9c905"
                    ]
                ],
                "vcf": [
                    [
                        {
                            "id": "test"
                        },
                        "test.vcf.gz:md5,bc5a8d4b45434b9861f1bd98e630c21c"
                    ]
                ],
                "versions": [
                    "versions.yml:md5,d0abd111d2e387b5c14ceb3a38e8d0ff"
                ]
            }
        ],
        "timestamp": "2026-04-03T14:40:13.137225325",
        "meta": {
            "nf-test": "0.9.5",
            "nextflow": "25.10.4"
        }
    }
}