{
    "homo_sapiens - bam": {
        "content": [
            {
                "0": [
                    
                ],
                "1": [
                    
                ],
                "bam": [
                    
                ],
                "versions": [
                    
                ]
            }
        ],
        "timestamp": "2026-04-03T14:37:58.075105489",
        "meta": {
            "nf-test": "0.9.5",
            "nextflow": "25.10.4"
        }
    }
}