{
    "homo_sapiens - bam - sambamba": {
        "content": [
            {
                "0": [
                    [
                        {
                            "id": "test",
                            "sample": "test"
                        },
                        "test.bam:md5,db846fe39c4a2443deaaca2b9c60af58"
                    ]
                ],
                "1": [
                    [
                        {
                            "id": "test",
                            "sample": "test"
                        },
                        "test.bam.bai:md5,0aadd035d4c6b5f8c205a2da9e22b743"
                    ]
                ],
                "2": [
                    
                ],
                "3": [
                    
                ],
                "4": [
                    "versions.yml:md5,b614960bc0c6b67d1861285fb8b888f9"
                ],
                "alignment_summary": [
                    
                ],
                "bai": [
                    [
                        {
                            "id": "test",
                            "sample": "test"
                        },
                        "test.bam.bai:md5,0aadd035d4c6b5f8c205a2da9e22b743"
                    ]
                ],
                "bam": [
                    [
                        {
                            "id": "test",
                            "sample": "test"
                        },
                        "test.bam:md5,db846fe39c4a2443deaaca2b9c60af58"
                    ]
                ],
                "insert_metrics": [
                    
                ],
                "versions": [
                    "versions.yml:md5,b614960bc0c6b67d1861285fb8b888f9"
                ]
            }
        ],
        "timestamp": "2026-04-03T01:56:46.043771849",
        "meta": {
            "nf-test": "0.9.5",
            "nextflow": "25.10.4"
        }
    }
}