{
    "sarscov2 single-end [fastq] - stub": {
        "content": [
            {
                "0": [
                    [
                        {
                            "id": "test",
                            "single_end": true
                        },
                        "test.html:md5,d41d8cd98f00b204e9800998ecf8427e"
                    ]
                ],
                "1": [
                    [
                        {
                            "id": "test",
                            "single_end": true
                        },
                        "test.zip:md5,d41d8cd98f00b204e9800998ecf8427e"
                    ]
                ],
                "2": [
                    "versions.yml:md5,783ca3ec3bfd837214d102b08e0b10ed"
                ],
                "html": [
                    [
                        {
                            "id": "test",
                            "single_end": true
                        },
                        "test.html:md5,d41d8cd98f00b204e9800998ecf8427e"
                    ]
                ],
                "versions": [
                    "versions.yml:md5,783ca3ec3bfd837214d102b08e0b10ed"
                ],
                "zip": [
                    [
                        {
                            "id": "test",
                            "single_end": true
                        },
                        "test.zip:md5,d41d8cd98f00b204e9800998ecf8427e"
                    ]
                ]
            }
        ],
        "meta": {
            "nf-test": "0.9.1",
            "nextflow": "24.04.4"
        },
        "timestamp": "2024-10-23T14:23:22.570715"
    }
}
