{
    "homo_sapiens - cram to bam": {
        "content": [
            {
                "0": [
                    [
                        {
                            "id": "test"
                        },
                        "test.bam:md5,38c72f110284d47dd8e0e2842345451d"
                    ]
                ],
                "1": [
                    [
                        {
                            "id": "test"
                        },
                        "test.bam.bai:md5,547a2cfb4e55107177d98e49814f2fea"
                    ]
                ],
                "2": [
                    "versions.yml:md5,2c824acf786b174705f21326b0e0e6a5"
                ],
                "bai": [
                    [
                        {
                            "id": "test"
                        },
                        "test.bam.bai:md5,547a2cfb4e55107177d98e49814f2fea"
                    ]
                ],
                "bam": [
                    [
                        {
                            "id": "test"
                        },
                        "test.bam:md5,38c72f110284d47dd8e0e2842345451d"
                    ]
                ],
                "versions": [
                    "versions.yml:md5,2c824acf786b174705f21326b0e0e6a5"
                ]
            }
        ],
        "timestamp": "2026-04-03T14:38:31.764153856",
        "meta": {
            "nf-test": "0.9.5",
            "nextflow": "25.10.4"
        }
    }
}