{
    "homo_sapiens - vcf stub": {
        "content": [
            {
                "tbi": [
                    [
                        {
                            "id": "test"
                        },
                        "test.vcf.gz.tbi"
                    ]
                ],
                "vcf": [
                    [
                        {
                            "id": "test"
                        },
                        "test.vcf.gz"
                    ]
                ],
                "versions": [
                    "versions.yml:md5,7b82408cdc333b9d2f87f97198c7c9a0"
                ]
            }
        ],
        "timestamp": "2026-04-03T22:50:00.000000000",
        "meta": {
            "nf-test": "0.9.5",
            "nextflow": "25.10.4"
        }
    }
}
